#-----------------------------------------------------------
# Vivado v2017.4.1 (64-bit)
# SW Build 2117270 on Tue Jan 30 15:32:00 MST 2018
# IP Build 2095745 on Tue Jan 30 17:13:15 MST 2018
# Start of session at: Sat May 21 01:03:20 2022
# Process ID: 7588
# Current directory: C:/Users/mertc/Desktop/BLG222E-Project2/BLG-Project1
# Command line: vivado.exe -gui_launcher_event rodinguilauncherevent2876 C:\Users\mertc\Desktop\BLG222E-Project2\BLG-Project1\BLG-Project1.xpr
# Log file: C:/Users/mertc/Desktop/BLG222E-Project2/BLG-Project1/vivado.log
# Journal file: C:/Users/mertc/Desktop/BLG222E-Project2/BLG-Project1\vivado.jou
#-----------------------------------------------------------
start_gui
open_project C:/Users/mertc/Desktop/BLG222E-Project2/BLG-Project1/BLG-Project1.xpr
update_compile_order -fileset sources_1
# Disabling source management mode.  This is to allow the top design properties to be set without GUI intervention.
set_property source_mgmt_mode None [current_project]
set_property top lasttest [get_filesets sim_1]
set_property top_lib xil_defaultlib [get_filesets sim_1]
# Re-enabling previously disabled source management mode.
set_property source_mgmt_mode All [current_project]
add_files -norecurse C:/Users/mertc/Downloads/Project1_TestBenchl/RAM.mem
set_property SOURCE_SET sources_1 [get_filesets sim_1]
add_files -fileset sim_1 -norecurse C:/Users/mertc/Downloads/Project1_TestBenchl/TestBench.mem
launch_simulation
source lasttest.tcl
restart
run 5 ns
run 5 ns
run 5 ns
run 5 ns
run 5 ns
run 5 ns
run 5 ns
run 5 ns
run 5 ns
run 5 ns
run 5 ns
run 5 ns
run 5 ns
run 5 ns
run 5 ns
run 5 ns
close_sim
launch_simulation
launch_simulation
source lasttest.tcl
restart
run 5 ns
run 5 ns
run 5 ns
run 5 ns
run 5 ns
run 5 ns
run 5 ns
run 5 ns
run 5 ns
run 5 ns
run 5 ns
run 5 ns
run 5 ns
close_sim
launch_simulation
source lasttest.tcl
restart
run 5 ns
run 5 ns
run 5 ns
run 5 ns
run 5 ns
run 5 ns
run 5 ns
run 5 ns
run 5 ns
run 5 ns
run 5 ns
run 5 ns
run 5 ns
run 5 ns
run 5 ns
run 5 ns
close_sim
launch_simulation
source lasttest.tcl
restart
run 5 ns
run 5 ns
restart
restart
run 5 ps
run 5 ps
run 5 ps
run 5 ps
run 5 ps
run all
close_sim
launch_simulation
source lasttest.tcl
restart
run 5 ns
run 5 ns
run 5 ns
run 5 ns
run 5 ns
run 5 ns
run 5 ns
run 5 ns
run 5 ns
run 5 ns
run 5 ns
run 5 ns
run 5 ns
run 5 ns
run 5 ns
run 5 ns
run 5 ns
run 5 ns
run 5 ns
run 5 ns
run 5 ns
run 5 ns
close_sim
launch_simulation
source lasttest.tcl
restart
run 5 ns
run 5 ns
run 5 ns
run 5 ns
run 5 ns
run 5 ns
run 5 ns
run 5 ns
run 5 ns
run 5 ns
run 5 ns
run 5 ns
run 5 ns
run 5 ns
close_sim
launch_simulation
source lasttest.tcl
restart
run 5 ns
run 5 ns
run 5 ns
run 5 ns
run 5 ns
run 5 ns
run 5 ns
run 5 ns
run 5 ns
run 5 ns
run 5 ns
run 5 ns
run 5 ns
run 5 ns
run 5 ns
run 5 ns
run 5 ns
run 5 ns
run 5 ns
run 5 ns
run 5 ns
restart
run 5 ns
close_sim
launch_simulation
source lasttest.tcl
restart
run 5 ns
run 5 ns
run 5 ns
run 5 ns
restart
run 5 ns
run 5 ns
run 5 ns
run 5 ns
close_sim
launch_simulation
source lasttest.tcl
restart
run 5 ns
run 5 ns
run 5 ns
run 5 ns
run 5 ns
close_sim
launch_simulation
source lasttest.tcl
restart
run 5 ns
run 5 ns
run 5 ns
run 5 ns
close_sim
launch_simulation
source lasttest.tcl
restart
run 5 ns
run 5 ns
run 5 ns
run 5 ns
run 5 ns
close_sim
launch_simulation
source lasttest.tcl
restart
run 5 ns
run 5 ns
run 5 ns
run 5 ns
run 5 ns
close_sim
launch_simulation
source lasttest.tcl
restart
run 5 ns
run 5 ns
run 5 ns
run 5 ns
run 5 ns
run 5 ns
run 5 ns
run 5 ns
run 5 ns
run 5 ns
run 5 ns
run 5 ns
run 5 ns
run 5 ns
run 5 ns
run 5 ns
run 5 ns
run 5 ns
run 5 ns
run 5 ns
run 5 ns
run 5 ns
run 5 ns
restart
run 5 ns
run 5 ns
run 5 ns
run 5 ns
close_sim
launch_simulation
source lasttest.tcl
restart
run 5 ns
run 5 ns
run 5 ns
run 5 ns
close_sim
