#-----------------------------------------------------------
# Webtalk v2017.4.1 (64-bit)
# SW Build 2117270 on Tue Jan 30 15:32:00 MST 2018
# IP Build 2095745 on Tue Jan 30 17:13:15 MST 2018
# Start of session at: Mon May  9 21:33:23 2022
# Process ID: 11044
# Current directory: C:/Users/mertc/Desktop/BLG222E-Project1/BLG-Project1/BLG-Project1.sim/sim_1/behav/xsim
# Command line: wbtcv.exe -mode batch -source C:/Users/mertc/Desktop/BLG222E-Project1/BLG-Project1/BLG-Project1.sim/sim_1/behav/xsim/xsim.dir/PART3_test_behav/webtalk/xsim_webtalk.tcl -notrace
# Log file: C:/Users/mertc/Desktop/BLG222E-Project1/BLG-Project1/BLG-Project1.sim/sim_1/behav/xsim/webtalk.log
# Journal file: C:/Users/mertc/Desktop/BLG222E-Project1/BLG-Project1/BLG-Project1.sim/sim_1/behav/xsim\webtalk.jou
#-----------------------------------------------------------
source C:/Users/mertc/Desktop/BLG222E-Project1/BLG-Project1/BLG-Project1.sim/sim_1/behav/xsim/xsim.dir/PART3_test_behav/webtalk/xsim_webtalk.tcl -notrace
